"","V1","V2","V3"
"1",0.271226893721306,0.0973256125354178,0.0652179759777687
"2",0.0973256125354178,0.237278549261782,0.183755135125752
"3",0.0652179759777687,0.183755135125752,0.254307757433782
